\BOOKMARK [0][-]{chapter*.2}{\376\377\000P\000r\000e\000f\000a\000c\000e}{}% 1
\BOOKMARK [0][-]{chapter*.3}{\376\377\000E\000x\000p\000e\000r\000i\000m\000e\000n\000t\000\040\0001\000:\000\040\000K\000-\000m\000e\000a\000n\000s\000\040\000C\000l\000u\000s\000t\000e\000r\000i\000n\000g}{}% 2
\BOOKMARK [1][-]{section*.4}{\376\377\0001\000.\000\040\000O\000b\000j\000e\000c\000t\000i\000v\000e}{chapter*.3}% 3
\BOOKMARK [1][-]{section*.5}{\376\377\0002\000.\000\040\000D\000a\000t\000a\000s\000e\000t\000\040\000U\000s\000e\000d}{chapter*.3}% 4
\BOOKMARK [1][-]{section*.6}{\376\377\0003\000.\000\040\000R\000e\000q\000u\000i\000r\000e\000d\000\040\000L\000i\000b\000r\000a\000r\000i\000e\000s}{chapter*.3}% 5
\BOOKMARK [1][-]{section*.7}{\376\377\0004\000.\000\040\000B\000r\000i\000e\000f\000\040\000T\000h\000e\000o\000r\000y}{chapter*.3}% 6
\BOOKMARK [1][-]{section*.8}{\376\377\0005\000.\000\040\000P\000r\000o\000c\000e\000d\000u\000r\000e}{chapter*.3}% 7
\BOOKMARK [1][-]{section*.9}{\376\377\0006\000.\000\040\000R\000e\000f\000e\000r\000e\000n\000c\000e\000\040\000I\000m\000p\000l\000e\000m\000e\000n\000t\000a\000t\000i\000o\000n}{chapter*.3}% 8
\BOOKMARK [1][-]{section*.10}{\376\377\0007\000.\000\040\000R\000e\000s\000u\000l\000t\000s}{chapter*.3}% 9
\BOOKMARK [1][-]{section*.11}{\376\377\0008\000.\000\040\000D\000i\000s\000c\000u\000s\000s\000i\000o\000n\000\040\000a\000n\000d\000\040\000C\000o\000n\000c\000l\000u\000s\000i\000o\000n}{chapter*.3}% 10
\BOOKMARK [1][-]{section*.12}{\376\377\0009\000.\000\040\000A\000n\000s\000w\000e\000r\000s\000\040\000t\000o\000\040\000V\000i\000v\000a\000\040\000Q\000u\000e\000s\000t\000i\000o\000n\000s}{chapter*.3}% 11
\BOOKMARK [1][-]{section*.13}{\376\377\0001\0000\000.\000\040\000C\000o\000m\000p\000l\000e\000t\000e\000\040\000C\000o\000d\000e\000\040\000L\000i\000s\000t\000i\000n\000g}{chapter*.3}% 12
\BOOKMARK [0][-]{chapter*.14}{\376\377\000E\000x\000p\000e\000r\000i\000m\000e\000n\000t\000\040\0003\000:\000\040\000H\000i\000e\000r\000a\000r\000c\000h\000i\000c\000a\000l\000\040\000C\000l\000u\000s\000t\000e\000r\000i\000n\000g}{}% 13
\BOOKMARK [1][-]{section*.15}{\376\377\0001\000.\000\040\000O\000b\000j\000e\000c\000t\000i\000v\000e}{chapter*.14}% 14
\BOOKMARK [1][-]{section*.16}{\376\377\0002\000.\000\040\000D\000a\000t\000a\000s\000e\000t\000\040\000U\000s\000e\000d}{chapter*.14}% 15
\BOOKMARK [1][-]{section*.17}{\376\377\0003\000.\000\040\000R\000e\000q\000u\000i\000r\000e\000d\000\040\000L\000i\000b\000r\000a\000r\000i\000e\000s}{chapter*.14}% 16
\BOOKMARK [1][-]{section*.18}{\376\377\0004\000.\000\040\000B\000r\000i\000e\000f\000\040\000T\000h\000e\000o\000r\000y}{chapter*.14}% 17
\BOOKMARK [1][-]{section*.19}{\376\377\0005\000.\000\040\000P\000r\000o\000c\000e\000d\000u\000r\000e}{chapter*.14}% 18
\BOOKMARK [1][-]{section*.20}{\376\377\0006\000.\000\040\000R\000e\000f\000e\000r\000e\000n\000c\000e\000\040\000I\000m\000p\000l\000e\000m\000e\000n\000t\000a\000t\000i\000o\000n}{chapter*.14}% 19
\BOOKMARK [1][-]{section*.21}{\376\377\0007\000.\000\040\000R\000e\000s\000u\000l\000t\000s}{chapter*.14}% 20
\BOOKMARK [1][-]{section*.22}{\376\377\0008\000.\000\040\000D\000i\000s\000c\000u\000s\000s\000i\000o\000n\000\040\000a\000n\000d\000\040\000C\000o\000n\000c\000l\000u\000s\000i\000o\000n}{chapter*.14}% 21
\BOOKMARK [1][-]{section*.23}{\376\377\0009\000.\000\040\000A\000n\000s\000w\000e\000r\000s\000\040\000t\000o\000\040\000V\000i\000v\000a\000\040\000Q\000u\000e\000s\000t\000i\000o\000n\000s}{chapter*.14}% 22
\BOOKMARK [1][-]{section*.24}{\376\377\0001\0000\000.\000\040\000C\000o\000m\000p\000l\000e\000t\000e\000\040\000C\000o\000d\000e\000\040\000L\000i\000s\000t\000i\000n\000g}{chapter*.14}% 23
\BOOKMARK [0][-]{chapter*.25}{\376\377\000E\000x\000p\000e\000r\000i\000m\000e\000n\000t\000\040\0004\000:\000\040\000F\000u\000z\000z\000y\000\040\000C\000-\000m\000e\000a\000n\000s}{}% 24
\BOOKMARK [1][-]{section*.26}{\376\377\0001\000.\000\040\000O\000b\000j\000e\000c\000t\000i\000v\000e}{chapter*.25}% 25
\BOOKMARK [1][-]{section*.27}{\376\377\0002\000.\000\040\000D\000a\000t\000a\000s\000e\000t\000\040\000U\000s\000e\000d}{chapter*.25}% 26
\BOOKMARK [1][-]{section*.28}{\376\377\0003\000.\000\040\000R\000e\000q\000u\000i\000r\000e\000d\000\040\000L\000i\000b\000r\000a\000r\000i\000e\000s}{chapter*.25}% 27
\BOOKMARK [1][-]{section*.29}{\376\377\0004\000.\000\040\000B\000r\000i\000e\000f\000\040\000T\000h\000e\000o\000r\000y}{chapter*.25}% 28
\BOOKMARK [1][-]{section*.30}{\376\377\0005\000.\000\040\000P\000r\000o\000c\000e\000d\000u\000r\000e}{chapter*.25}% 29
\BOOKMARK [1][-]{section*.31}{\376\377\0006\000.\000\040\000R\000e\000f\000e\000r\000e\000n\000c\000e\000\040\000I\000m\000p\000l\000e\000m\000e\000n\000t\000a\000t\000i\000o\000n}{chapter*.25}% 30
\BOOKMARK [1][-]{section*.32}{\376\377\0007\000.\000\040\000R\000e\000s\000u\000l\000t\000s}{chapter*.25}% 31
\BOOKMARK [1][-]{section*.33}{\376\377\0008\000.\000\040\000D\000i\000s\000c\000u\000s\000s\000i\000o\000n\000\040\000a\000n\000d\000\040\000C\000o\000n\000c\000l\000u\000s\000i\000o\000n}{chapter*.25}% 32
\BOOKMARK [1][-]{section*.34}{\376\377\0009\000.\000\040\000A\000n\000s\000w\000e\000r\000s\000\040\000t\000o\000\040\000V\000i\000v\000a\000\040\000Q\000u\000e\000s\000t\000i\000o\000n\000s}{chapter*.25}% 33
\BOOKMARK [1][-]{section*.35}{\376\377\0001\0000\000.\000\040\000C\000o\000m\000p\000l\000e\000t\000e\000\040\000C\000o\000d\000e\000\040\000L\000i\000s\000t\000i\000n\000g}{chapter*.25}% 34
\BOOKMARK [0][-]{chapter*.36}{\376\377\000E\000x\000p\000e\000r\000i\000m\000e\000n\000t\000\040\0005\000:\000\040\000D\000B\000S\000C\000A\000N}{}% 35
\BOOKMARK [1][-]{section*.37}{\376\377\0001\000.\000\040\000O\000b\000j\000e\000c\000t\000i\000v\000e}{chapter*.36}% 36
\BOOKMARK [1][-]{section*.38}{\376\377\0002\000.\000\040\000D\000a\000t\000a\000s\000e\000t\000\040\000U\000s\000e\000d}{chapter*.36}% 37
\BOOKMARK [1][-]{section*.39}{\376\377\0003\000.\000\040\000R\000e\000q\000u\000i\000r\000e\000d\000\040\000L\000i\000b\000r\000a\000r\000i\000e\000s}{chapter*.36}% 38
\BOOKMARK [1][-]{section*.40}{\376\377\0004\000.\000\040\000B\000r\000i\000e\000f\000\040\000T\000h\000e\000o\000r\000y}{chapter*.36}% 39
\BOOKMARK [1][-]{section*.41}{\376\377\0005\000.\000\040\000P\000r\000o\000c\000e\000d\000u\000r\000e}{chapter*.36}% 40
\BOOKMARK [1][-]{section*.42}{\376\377\0006\000.\000\040\000R\000e\000f\000e\000r\000e\000n\000c\000e\000\040\000I\000m\000p\000l\000e\000m\000e\000n\000t\000a\000t\000i\000o\000n}{chapter*.36}% 41
\BOOKMARK [1][-]{section*.43}{\376\377\0007\000.\000\040\000R\000e\000s\000u\000l\000t\000s}{chapter*.36}% 42
\BOOKMARK [1][-]{section*.44}{\376\377\0008\000.\000\040\000D\000i\000s\000c\000u\000s\000s\000i\000o\000n\000\040\000a\000n\000d\000\040\000C\000o\000n\000c\000l\000u\000s\000i\000o\000n}{chapter*.36}% 43
\BOOKMARK [1][-]{section*.45}{\376\377\0009\000.\000\040\000A\000n\000s\000w\000e\000r\000s\000\040\000t\000o\000\040\000V\000i\000v\000a\000\040\000Q\000u\000e\000s\000t\000i\000o\000n\000s}{chapter*.36}% 44
\BOOKMARK [1][-]{section*.46}{\376\377\0001\0000\000.\000\040\000C\000o\000m\000p\000l\000e\000t\000e\000\040\000C\000o\000d\000e\000\040\000L\000i\000s\000t\000i\000n\000g}{chapter*.36}% 45
\BOOKMARK [0][-]{chapter*.47}{\376\377\000E\000x\000p\000e\000r\000i\000m\000e\000n\000t\000\040\0006\000:\000\040\000H\000D\000B\000S\000C\000A\000N}{}% 46
\BOOKMARK [1][-]{section*.48}{\376\377\0001\000.\000\040\000O\000b\000j\000e\000c\000t\000i\000v\000e}{chapter*.47}% 47
\BOOKMARK [1][-]{section*.49}{\376\377\0002\000.\000\040\000D\000a\000t\000a\000s\000e\000t\000\040\000U\000s\000e\000d}{chapter*.47}% 48
\BOOKMARK [1][-]{section*.50}{\376\377\0003\000.\000\040\000R\000e\000q\000u\000i\000r\000e\000d\000\040\000L\000i\000b\000r\000a\000r\000i\000e\000s}{chapter*.47}% 49
\BOOKMARK [1][-]{section*.51}{\376\377\0004\000.\000\040\000B\000r\000i\000e\000f\000\040\000T\000h\000e\000o\000r\000y}{chapter*.47}% 50
\BOOKMARK [1][-]{section*.52}{\376\377\0005\000.\000\040\000P\000r\000o\000c\000e\000d\000u\000r\000e}{chapter*.47}% 51
\BOOKMARK [1][-]{section*.53}{\376\377\0006\000.\000\040\000R\000e\000f\000e\000r\000e\000n\000c\000e\000\040\000I\000m\000p\000l\000e\000m\000e\000n\000t\000a\000t\000i\000o\000n}{chapter*.47}% 52
\BOOKMARK [1][-]{section*.54}{\376\377\0007\000.\000\040\000R\000e\000s\000u\000l\000t\000s}{chapter*.47}% 53
\BOOKMARK [1][-]{section*.55}{\376\377\0008\000.\000\040\000D\000i\000s\000c\000u\000s\000s\000i\000o\000n\000\040\000a\000n\000d\000\040\000C\000o\000n\000c\000l\000u\000s\000i\000o\000n}{chapter*.47}% 54
\BOOKMARK [1][-]{section*.56}{\376\377\0009\000.\000\040\000A\000n\000s\000w\000e\000r\000s\000\040\000t\000o\000\040\000V\000i\000v\000a\000\040\000Q\000u\000e\000s\000t\000i\000o\000n\000s}{chapter*.47}% 55
\BOOKMARK [1][-]{section*.57}{\376\377\0001\0000\000.\000\040\000C\000o\000m\000p\000l\000e\000t\000e\000\040\000C\000o\000d\000e\000\040\000L\000i\000s\000t\000i\000n\000g}{chapter*.47}% 56
\BOOKMARK [0][-]{chapter*.58}{\376\377\000E\000x\000p\000e\000r\000i\000m\000e\000n\000t\000\040\0007\000:\000\040\000S\000e\000l\000f\000-\000t\000r\000a\000i\000n\000i\000n\000g\000\040\000f\000o\000r\000\040\000S\000e\000m\000i\000-\000s\000u\000p\000e\000r\000v\000i\000s\000e\000d\000\040\000L\000e\000a\000r\000n\000i\000n\000g}{}% 57
\BOOKMARK [1][-]{section*.59}{\376\377\0001\000.\000\040\000O\000b\000j\000e\000c\000t\000i\000v\000e}{chapter*.58}% 58
\BOOKMARK [1][-]{section*.60}{\376\377\0002\000.\000\040\000D\000a\000t\000a\000s\000e\000t\000\040\000U\000s\000e\000d}{chapter*.58}% 59
\BOOKMARK [1][-]{section*.61}{\376\377\0003\000.\000\040\000R\000e\000q\000u\000i\000r\000e\000d\000\040\000L\000i\000b\000r\000a\000r\000i\000e\000s}{chapter*.58}% 60
\BOOKMARK [1][-]{section*.62}{\376\377\0004\000.\000\040\000B\000r\000i\000e\000f\000\040\000T\000h\000e\000o\000r\000y}{chapter*.58}% 61
\BOOKMARK [1][-]{section*.63}{\376\377\0005\000.\000\040\000P\000r\000o\000c\000e\000d\000u\000r\000e}{chapter*.58}% 62
\BOOKMARK [1][-]{section*.64}{\376\377\0006\000.\000\040\000R\000e\000f\000e\000r\000e\000n\000c\000e\000\040\000I\000m\000p\000l\000e\000m\000e\000n\000t\000a\000t\000i\000o\000n}{chapter*.58}% 63
\BOOKMARK [1][-]{section*.65}{\376\377\0007\000.\000\040\000R\000e\000s\000u\000l\000t\000s}{chapter*.58}% 64
\BOOKMARK [1][-]{section*.66}{\376\377\0008\000.\000\040\000D\000i\000s\000c\000u\000s\000s\000i\000o\000n\000\040\000a\000n\000d\000\040\000C\000o\000n\000c\000l\000u\000s\000i\000o\000n}{chapter*.58}% 65
\BOOKMARK [1][-]{section*.67}{\376\377\0009\000.\000\040\000A\000n\000s\000w\000e\000r\000s\000\040\000t\000o\000\040\000V\000i\000v\000a\000\040\000Q\000u\000e\000s\000t\000i\000o\000n\000s}{chapter*.58}% 66
\BOOKMARK [1][-]{section*.68}{\376\377\0001\0000\000.\000\040\000C\000o\000m\000p\000l\000e\000t\000e\000\040\000C\000o\000d\000e\000\040\000L\000i\000s\000t\000i\000n\000g}{chapter*.58}% 67
\BOOKMARK [0][-]{chapter*.69}{\376\377\000E\000x\000p\000e\000r\000i\000m\000e\000n\000t\000\040\0008\000:\000\040\000R\000a\000n\000d\000o\000m\000\040\000F\000o\000r\000e\000s\000t\000\040\000R\000e\000g\000r\000e\000s\000s\000i\000o\000n\000\040\000\050\000R\000F\000R\000\051}{}% 68
\BOOKMARK [1][-]{section*.70}{\376\377\0001\000.\000\040\000O\000b\000j\000e\000c\000t\000i\000v\000e}{chapter*.69}% 69
\BOOKMARK [1][-]{section*.71}{\376\377\0002\000.\000\040\000D\000a\000t\000a\000s\000e\000t\000\040\000U\000s\000e\000d}{chapter*.69}% 70
\BOOKMARK [1][-]{section*.72}{\376\377\0003\000.\000\040\000R\000e\000q\000u\000i\000r\000e\000d\000\040\000L\000i\000b\000r\000a\000r\000i\000e\000s}{chapter*.69}% 71
\BOOKMARK [1][-]{section*.73}{\376\377\0004\000.\000\040\000B\000r\000i\000e\000f\000\040\000T\000h\000e\000o\000r\000y}{chapter*.69}% 72
\BOOKMARK [1][-]{section*.74}{\376\377\0005\000.\000\040\000P\000r\000o\000c\000e\000d\000u\000r\000e}{chapter*.69}% 73
\BOOKMARK [1][-]{section*.75}{\376\377\0006\000.\000\040\000R\000e\000f\000e\000r\000e\000n\000c\000e\000\040\000I\000m\000p\000l\000e\000m\000e\000n\000t\000a\000t\000i\000o\000n}{chapter*.69}% 74
\BOOKMARK [1][-]{section*.76}{\376\377\0007\000.\000\040\000R\000e\000s\000u\000l\000t\000s}{chapter*.69}% 75
\BOOKMARK [1][-]{section*.77}{\376\377\0008\000.\000\040\000D\000i\000s\000c\000u\000s\000s\000i\000o\000n\000\040\000a\000n\000d\000\040\000C\000o\000n\000c\000l\000u\000s\000i\000o\000n}{chapter*.69}% 76
\BOOKMARK [1][-]{section*.78}{\376\377\0009\000.\000\040\000A\000n\000s\000w\000e\000r\000s\000\040\000t\000o\000\040\000V\000i\000v\000a\000\040\000Q\000u\000e\000s\000t\000i\000o\000n\000s}{chapter*.69}% 77
\BOOKMARK [1][-]{section*.79}{\376\377\0001\0000\000.\000\040\000C\000o\000m\000p\000l\000e\000t\000e\000\040\000C\000o\000d\000e\000\040\000L\000i\000s\000t\000i\000n\000g}{chapter*.69}% 78
\BOOKMARK [0][-]{chapter*.80}{\376\377\000E\000x\000p\000e\000r\000i\000m\000e\000n\000t\000\040\0009\000:\000\040\000R\000a\000n\000d\000o\000m\000\040\000F\000o\000r\000e\000s\000t\000\040\000C\000l\000a\000s\000s\000i\000f\000i\000c\000a\000t\000i\000o\000n\000\040\000\050\000R\000F\000C\000\051}{}% 79
\BOOKMARK [1][-]{section*.81}{\376\377\0001\000.\000\040\000O\000b\000j\000e\000c\000t\000i\000v\000e}{chapter*.80}% 80
\BOOKMARK [1][-]{section*.82}{\376\377\0002\000.\000\040\000D\000a\000t\000a\000s\000e\000t\000\040\000U\000s\000e\000d}{chapter*.80}% 81
\BOOKMARK [1][-]{section*.83}{\376\377\0003\000.\000\040\000R\000e\000q\000u\000i\000r\000e\000d\000\040\000L\000i\000b\000r\000a\000r\000i\000e\000s}{chapter*.80}% 82
\BOOKMARK [1][-]{section*.84}{\376\377\0004\000.\000\040\000B\000r\000i\000e\000f\000\040\000T\000h\000e\000o\000r\000y}{chapter*.80}% 83
\BOOKMARK [1][-]{section*.85}{\376\377\0005\000.\000\040\000P\000r\000o\000c\000e\000d\000u\000r\000e}{chapter*.80}% 84
\BOOKMARK [1][-]{section*.86}{\376\377\0006\000.\000\040\000R\000e\000f\000e\000r\000e\000n\000c\000e\000\040\000I\000m\000p\000l\000e\000m\000e\000n\000t\000a\000t\000i\000o\000n}{chapter*.80}% 85
\BOOKMARK [1][-]{section*.87}{\376\377\0007\000.\000\040\000R\000e\000s\000u\000l\000t\000s}{chapter*.80}% 86
\BOOKMARK [1][-]{section*.88}{\376\377\0008\000.\000\040\000D\000i\000s\000c\000u\000s\000s\000i\000o\000n\000\040\000a\000n\000d\000\040\000C\000o\000n\000c\000l\000u\000s\000i\000o\000n}{chapter*.80}% 87
\BOOKMARK [1][-]{section*.89}{\376\377\0009\000.\000\040\000A\000n\000s\000w\000e\000r\000s\000\040\000t\000o\000\040\000V\000i\000v\000a\000\040\000Q\000u\000e\000s\000t\000i\000o\000n\000s}{chapter*.80}% 88
\BOOKMARK [1][-]{section*.90}{\376\377\0001\0000\000.\000\040\000C\000o\000m\000p\000l\000e\000t\000e\000\040\000C\000o\000d\000e\000\040\000L\000i\000s\000t\000i\000n\000g}{chapter*.80}% 89
\BOOKMARK [0][-]{chapter*.91}{\376\377\000E\000x\000p\000e\000r\000i\000m\000e\000n\000t\000\040\0001\0000\000:\000\040\000X\000G\000B\000o\000o\000s\000t}{}% 90
\BOOKMARK [1][-]{section*.92}{\376\377\0001\000.\000\040\000O\000b\000j\000e\000c\000t\000i\000v\000e}{chapter*.91}% 91
\BOOKMARK [1][-]{section*.93}{\376\377\0002\000.\000\040\000D\000a\000t\000a\000s\000e\000t\000\040\000U\000s\000e\000d}{chapter*.91}% 92
\BOOKMARK [1][-]{section*.94}{\376\377\0003\000.\000\040\000R\000e\000q\000u\000i\000r\000e\000d\000\040\000L\000i\000b\000r\000a\000r\000i\000e\000s}{chapter*.91}% 93
\BOOKMARK [1][-]{section*.95}{\376\377\0004\000.\000\040\000B\000r\000i\000e\000f\000\040\000T\000h\000e\000o\000r\000y}{chapter*.91}% 94
\BOOKMARK [1][-]{section*.96}{\376\377\0005\000.\000\040\000P\000r\000o\000c\000e\000d\000u\000r\000e}{chapter*.91}% 95
\BOOKMARK [1][-]{section*.97}{\376\377\0006\000.\000\040\000R\000e\000f\000e\000r\000e\000n\000c\000e\000\040\000I\000m\000p\000l\000e\000m\000e\000n\000t\000a\000t\000i\000o\000n}{chapter*.91}% 96
\BOOKMARK [1][-]{section*.98}{\376\377\0007\000.\000\040\000R\000e\000s\000u\000l\000t\000s}{chapter*.91}% 97
\BOOKMARK [1][-]{section*.99}{\376\377\0008\000.\000\040\000D\000i\000s\000c\000u\000s\000s\000i\000o\000n\000\040\000a\000n\000d\000\040\000C\000o\000n\000c\000l\000u\000s\000i\000o\000n}{chapter*.91}% 98
\BOOKMARK [1][-]{section*.100}{\376\377\0009\000.\000\040\000A\000n\000s\000w\000e\000r\000s\000\040\000t\000o\000\040\000V\000i\000v\000a\000\040\000Q\000u\000e\000s\000t\000i\000o\000n\000s}{chapter*.91}% 99
\BOOKMARK [1][-]{section*.101}{\376\377\0001\0000\000.\000\040\000C\000o\000m\000p\000l\000e\000t\000e\000\040\000C\000o\000d\000e\000\040\000L\000i\000s\000t\000i\000n\000g}{chapter*.91}% 100
\BOOKMARK [0][-]{chapter*.102}{\376\377\000E\000x\000p\000e\000r\000i\000m\000e\000n\000t\000\040\0001\0001\000:\000\040\000A\000d\000a\000B\000o\000o\000s\000t}{}% 101
\BOOKMARK [1][-]{section*.103}{\376\377\0001\000.\000\040\000O\000b\000j\000e\000c\000t\000i\000v\000e}{chapter*.102}% 102
\BOOKMARK [1][-]{section*.104}{\376\377\0002\000.\000\040\000D\000a\000t\000a\000s\000e\000t\000\040\000U\000s\000e\000d}{chapter*.102}% 103
\BOOKMARK [1][-]{section*.105}{\376\377\0003\000.\000\040\000R\000e\000q\000u\000i\000r\000e\000d\000\040\000L\000i\000b\000r\000a\000r\000i\000e\000s}{chapter*.102}% 104
\BOOKMARK [1][-]{section*.106}{\376\377\0004\000.\000\040\000B\000r\000i\000e\000f\000\040\000T\000h\000e\000o\000r\000y}{chapter*.102}% 105
\BOOKMARK [1][-]{section*.107}{\376\377\0005\000.\000\040\000P\000r\000o\000c\000e\000d\000u\000r\000e}{chapter*.102}% 106
\BOOKMARK [1][-]{section*.108}{\376\377\0006\000.\000\040\000R\000e\000f\000e\000r\000e\000n\000c\000e\000\040\000I\000m\000p\000l\000e\000m\000e\000n\000t\000a\000t\000i\000o\000n}{chapter*.102}% 107
\BOOKMARK [1][-]{section*.109}{\376\377\0007\000.\000\040\000R\000e\000s\000u\000l\000t\000s}{chapter*.102}% 108
\BOOKMARK [1][-]{section*.110}{\376\377\0008\000.\000\040\000D\000i\000s\000c\000u\000s\000s\000i\000o\000n\000\040\000a\000n\000d\000\040\000C\000o\000n\000c\000l\000u\000s\000i\000o\000n}{chapter*.102}% 109
\BOOKMARK [1][-]{section*.111}{\376\377\0009\000.\000\040\000A\000n\000s\000w\000e\000r\000s\000\040\000t\000o\000\040\000V\000i\000v\000a\000\040\000Q\000u\000e\000s\000t\000i\000o\000n\000s}{chapter*.102}% 110
\BOOKMARK [1][-]{section*.112}{\376\377\0001\0000\000.\000\040\000C\000o\000m\000p\000l\000e\000t\000e\000\040\000C\000o\000d\000e\000\040\000L\000i\000s\000t\000i\000n\000g}{chapter*.102}% 111
\BOOKMARK [0][-]{chapter*.113}{\376\377\000E\000x\000p\000e\000r\000i\000m\000e\000n\000t\000\040\0001\0002\000:\000\040\000C\000a\000t\000B\000o\000o\000s\000t}{}% 112
\BOOKMARK [1][-]{section*.114}{\376\377\0001\000.\000\040\000O\000b\000j\000e\000c\000t\000i\000v\000e}{chapter*.113}% 113
\BOOKMARK [1][-]{section*.115}{\376\377\0002\000.\000\040\000D\000a\000t\000a\000s\000e\000t\000\040\000U\000s\000e\000d}{chapter*.113}% 114
\BOOKMARK [1][-]{section*.116}{\376\377\0003\000.\000\040\000R\000e\000q\000u\000i\000r\000e\000d\000\040\000L\000i\000b\000r\000a\000r\000i\000e\000s}{chapter*.113}% 115
\BOOKMARK [1][-]{section*.117}{\376\377\0004\000.\000\040\000B\000r\000i\000e\000f\000\040\000T\000h\000e\000o\000r\000y}{chapter*.113}% 116
\BOOKMARK [1][-]{section*.118}{\376\377\0005\000.\000\040\000P\000r\000o\000c\000e\000d\000u\000r\000e}{chapter*.113}% 117
\BOOKMARK [1][-]{section*.119}{\376\377\0006\000.\000\040\000R\000e\000f\000e\000r\000e\000n\000c\000e\000\040\000I\000m\000p\000l\000e\000m\000e\000n\000t\000a\000t\000i\000o\000n}{chapter*.113}% 118
\BOOKMARK [1][-]{section*.120}{\376\377\0007\000.\000\040\000R\000e\000s\000u\000l\000t\000s}{chapter*.113}% 119
\BOOKMARK [1][-]{section*.121}{\376\377\0008\000.\000\040\000D\000i\000s\000c\000u\000s\000s\000i\000o\000n\000\040\000a\000n\000d\000\040\000C\000o\000n\000c\000l\000u\000s\000i\000o\000n}{chapter*.113}% 120
\BOOKMARK [1][-]{section*.122}{\376\377\0009\000.\000\040\000A\000n\000s\000w\000e\000r\000s\000\040\000t\000o\000\040\000V\000i\000v\000a\000\040\000Q\000u\000e\000s\000t\000i\000o\000n\000s}{chapter*.113}% 121
\BOOKMARK [1][-]{section*.123}{\376\377\0001\0000\000.\000\040\000C\000o\000m\000p\000l\000e\000t\000e\000\040\000C\000o\000d\000e\000\040\000L\000i\000s\000t\000i\000n\000g}{chapter*.113}% 122
\BOOKMARK [0][-]{chapter*.124}{\376\377\000E\000x\000p\000e\000r\000i\000m\000e\000n\000t\000\040\0001\0003\000:\000\040\000M\000u\000l\000t\000i\000l\000a\000y\000e\000r\000\040\000P\000e\000r\000c\000e\000p\000t\000r\000o\000n\000\040\000\050\000M\000L\000P\000\051}{}% 123
\BOOKMARK [1][-]{section*.125}{\376\377\0001\000.\000\040\000O\000b\000j\000e\000c\000t\000i\000v\000e}{chapter*.124}% 124
\BOOKMARK [1][-]{section*.126}{\376\377\0002\000.\000\040\000D\000a\000t\000a\000s\000e\000t\000\040\000U\000s\000e\000d}{chapter*.124}% 125
\BOOKMARK [1][-]{section*.127}{\376\377\0003\000.\000\040\000R\000e\000q\000u\000i\000r\000e\000d\000\040\000L\000i\000b\000r\000a\000r\000i\000e\000s}{chapter*.124}% 126
\BOOKMARK [1][-]{section*.128}{\376\377\0004\000.\000\040\000B\000r\000i\000e\000f\000\040\000T\000h\000e\000o\000r\000y}{chapter*.124}% 127
\BOOKMARK [1][-]{section*.129}{\376\377\0005\000.\000\040\000P\000r\000o\000c\000e\000d\000u\000r\000e}{chapter*.124}% 128
\BOOKMARK [1][-]{section*.130}{\376\377\0006\000.\000\040\000R\000e\000f\000e\000r\000e\000n\000c\000e\000\040\000I\000m\000p\000l\000e\000m\000e\000n\000t\000a\000t\000i\000o\000n}{chapter*.124}% 129
\BOOKMARK [0][-]{chapter*.131}{\376\377\000E\000x\000p\000e\000r\000i\000m\000e\000n\000t\000\040\0001\0004\000:\000\040\000R\000e\000c\000u\000r\000r\000e\000n\000t\000\040\000N\000e\000u\000r\000a\000l\000\040\000N\000e\000t\000w\000o\000r\000k\000\040\000\050\000R\000N\000N\000\051}{}% 130
\BOOKMARK [1][-]{section*.132}{\376\377\0001\000.\000\040\000O\000b\000j\000e\000c\000t\000i\000v\000e}{chapter*.131}% 131
\BOOKMARK [1][-]{section*.133}{\376\377\0002\000.\000\040\000D\000a\000t\000a\000s\000e\000t\000s\000\040\000U\000s\000e\000d}{chapter*.131}% 132
\BOOKMARK [1][-]{section*.134}{\376\377\0003\000.\000\040\000R\000e\000q\000u\000i\000r\000e\000d\000\040\000L\000i\000b\000r\000a\000r\000i\000e\000s}{chapter*.131}% 133
\BOOKMARK [1][-]{section*.135}{\376\377\0004\000.\000\040\000B\000r\000i\000e\000f\000\040\000T\000h\000e\000o\000r\000y}{chapter*.131}% 134
\BOOKMARK [1][-]{section*.136}{\376\377\0005\000.\000\040\000P\000r\000o\000c\000e\000d\000u\000r\000e}{chapter*.131}% 135
\BOOKMARK [1][-]{section*.137}{\376\377\0006\000.\000\040\000R\000e\000f\000e\000r\000e\000n\000c\000e\000\040\000I\000m\000p\000l\000e\000m\000e\000n\000t\000a\000t\000i\000o\000n}{chapter*.131}% 136
\BOOKMARK [0][-]{chapter*.138}{\376\377\000E\000x\000p\000e\000r\000i\000m\000e\000n\000t\000\040\0001\0005\000:\000\040\000S\000e\000l\000f\000-\000O\000r\000g\000a\000n\000i\000z\000i\000n\000g\000\040\000M\000a\000p\000\040\000\050\000S\000O\000M\000\051}{}% 137
\BOOKMARK [1][-]{section*.139}{\376\377\0001\000.\000\040\000O\000b\000j\000e\000c\000t\000i\000v\000e}{chapter*.138}% 138
\BOOKMARK [1][-]{section*.140}{\376\377\0002\000.\000\040\000D\000a\000t\000a\000s\000e\000t\000\040\000U\000s\000e\000d}{chapter*.138}% 139
\BOOKMARK [1][-]{section*.141}{\376\377\0003\000.\000\040\000R\000e\000q\000u\000i\000r\000e\000d\000\040\000L\000i\000b\000r\000a\000r\000i\000e\000s}{chapter*.138}% 140
\BOOKMARK [1][-]{section*.142}{\376\377\0004\000.\000\040\000B\000r\000i\000e\000f\000\040\000T\000h\000e\000o\000r\000y}{chapter*.138}% 141
\BOOKMARK [1][-]{section*.143}{\376\377\0005\000.\000\040\000P\000r\000o\000c\000e\000d\000u\000r\000e}{chapter*.138}% 142
\BOOKMARK [1][-]{section*.144}{\376\377\0006\000.\000\040\000R\000e\000f\000e\000r\000e\000n\000c\000e\000\040\000I\000m\000p\000l\000e\000m\000e\000n\000t\000a\000t\000i\000o\000n}{chapter*.138}% 143
\BOOKMARK [1][-]{section*.145}{\376\377\0007\000.\000\040\000R\000e\000s\000u\000l\000t\000s}{chapter*.138}% 144
\BOOKMARK [1][-]{section*.146}{\376\377\0008\000.\000\040\000D\000i\000s\000c\000u\000s\000s\000i\000o\000n\000\040\000a\000n\000d\000\040\000C\000o\000n\000c\000l\000u\000s\000i\000o\000n}{chapter*.138}% 145
\BOOKMARK [1][-]{section*.147}{\376\377\0009\000.\000\040\000A\000n\000s\000w\000e\000r\000s\000\040\000t\000o\000\040\000V\000i\000v\000a\000\040\000Q\000u\000e\000s\000t\000i\000o\000n\000s}{chapter*.138}% 146
\BOOKMARK [1][-]{section*.148}{\376\377\0001\0000\000.\000\040\000C\000o\000m\000p\000l\000e\000t\000e\000\040\000C\000o\000d\000e\000\040\000L\000i\000s\000t\000i\000n\000g}{chapter*.138}% 147
\BOOKMARK [0][-]{chapter*.149}{\376\377\000E\000x\000p\000e\000r\000i\000m\000e\000n\000t\000\040\0001\0006\000:\000\040\000H\000i\000d\000d\000e\000n\000\040\000M\000a\000r\000k\000o\000v\000\040\000M\000o\000d\000e\000l\000\040\000\050\000H\000M\000M\000\051}{}% 148
\BOOKMARK [1][-]{section*.150}{\376\377\0001\000.\000\040\000O\000b\000j\000e\000c\000t\000i\000v\000e}{chapter*.149}% 149
\BOOKMARK [1][-]{section*.151}{\376\377\0002\000.\000\040\000D\000a\000t\000a\000s\000e\000t\000\040\000U\000s\000e\000d}{chapter*.149}% 150
\BOOKMARK [1][-]{section*.152}{\376\377\0003\000.\000\040\000R\000e\000q\000u\000i\000r\000e\000d\000\040\000L\000i\000b\000r\000a\000r\000i\000e\000s}{chapter*.149}% 151
\BOOKMARK [1][-]{section*.153}{\376\377\0004\000.\000\040\000B\000r\000i\000e\000f\000\040\000T\000h\000e\000o\000r\000y}{chapter*.149}% 152
\BOOKMARK [1][-]{section*.154}{\376\377\0005\000.\000\040\000P\000r\000o\000c\000e\000d\000u\000r\000e}{chapter*.149}% 153
\BOOKMARK [1][-]{section*.155}{\376\377\0006\000.\000\040\000R\000e\000f\000e\000r\000e\000n\000c\000e\000\040\000I\000m\000p\000l\000e\000m\000e\000n\000t\000a\000t\000i\000o\000n}{chapter*.149}% 154
\BOOKMARK [1][-]{section*.156}{\376\377\0007\000.\000\040\000R\000e\000s\000u\000l\000t\000s}{chapter*.149}% 155
\BOOKMARK [1][-]{section*.157}{\376\377\0008\000.\000\040\000D\000i\000s\000c\000u\000s\000s\000i\000o\000n\000\040\000a\000n\000d\000\040\000C\000o\000n\000c\000l\000u\000s\000i\000o\000n}{chapter*.149}% 156
\BOOKMARK [1][-]{section*.158}{\376\377\0009\000.\000\040\000A\000n\000s\000w\000e\000r\000s\000\040\000t\000o\000\040\000V\000i\000v\000a\000\040\000Q\000u\000e\000s\000t\000i\000o\000n\000s}{chapter*.149}% 157
\BOOKMARK [1][-]{section*.159}{\376\377\0001\0000\000.\000\040\000C\000o\000m\000p\000l\000e\000t\000e\000\040\000C\000o\000d\000e\000\040\000L\000i\000s\000t\000i\000n\000g}{chapter*.149}% 158
\BOOKMARK [0][-]{chapter*.160}{\376\377\000E\000x\000p\000e\000r\000i\000m\000e\000n\000t\000\040\0001\0007\000:\000\040\000S\000u\000p\000p\000o\000r\000t\000\040\000V\000e\000c\000t\000o\000r\000\040\000M\000a\000c\000h\000i\000n\000e\000\040\000\050\000S\000V\000M\000\051}{}% 159
\BOOKMARK [1][-]{section*.161}{\376\377\0001\000.\000\040\000O\000b\000j\000e\000c\000t\000i\000v\000e}{chapter*.160}% 160
\BOOKMARK [1][-]{section*.162}{\376\377\0002\000.\000\040\000D\000a\000t\000a\000s\000e\000t\000s\000\040\000U\000s\000e\000d}{chapter*.160}% 161
\BOOKMARK [1][-]{section*.163}{\376\377\0003\000.\000\040\000R\000e\000q\000u\000i\000r\000e\000d\000\040\000L\000i\000b\000r\000a\000r\000i\000e\000s}{chapter*.160}% 162
\BOOKMARK [1][-]{section*.164}{\376\377\0004\000.\000\040\000B\000r\000i\000e\000f\000\040\000T\000h\000e\000o\000r\000y}{chapter*.160}% 163
\BOOKMARK [1][-]{section*.165}{\376\377\0005\000.\000\040\000P\000r\000o\000c\000e\000d\000u\000r\000e}{chapter*.160}% 164
\BOOKMARK [1][-]{section*.166}{\376\377\0006\000.\000\040\000R\000e\000f\000e\000r\000e\000n\000c\000e\000\040\000I\000m\000p\000l\000e\000m\000e\000n\000t\000a\000t\000i\000o\000n}{chapter*.160}% 165
\BOOKMARK [1][-]{section*.167}{\376\377\0007\000.\000\040\000R\000e\000s\000u\000l\000t\000s}{chapter*.160}% 166
\BOOKMARK [1][-]{section*.168}{\376\377\0008\000.\000\040\000D\000i\000s\000c\000u\000s\000s\000i\000o\000n\000\040\000a\000n\000d\000\040\000C\000o\000n\000c\000l\000u\000s\000i\000o\000n}{chapter*.160}% 167
\BOOKMARK [1][-]{section*.169}{\376\377\0009\000.\000\040\000A\000n\000s\000w\000e\000r\000s\000\040\000t\000o\000\040\000V\000i\000v\000a\000\040\000Q\000u\000e\000s\000t\000i\000o\000n\000s}{chapter*.160}% 168
\BOOKMARK [1][-]{section*.170}{\376\377\0001\0000\000.\000\040\000C\000o\000m\000p\000l\000e\000t\000e\000\040\000C\000o\000d\000e\000\040\000L\000i\000s\000t\000i\000n\000g}{chapter*.160}% 169
\BOOKMARK [0][-]{chapter*.171}{\376\377\000E\000x\000p\000e\000r\000i\000m\000e\000n\000t\000\040\0001\0008\000:\000\040\000L\000a\000r\000g\000e\000\040\000L\000a\000n\000g\000u\000a\000g\000e\000\040\000M\000o\000d\000e\000l\000\040\000\050\000L\000L\000M\000\051\000\040\000E\000x\000p\000e\000r\000i\000m\000e\000n\000t}{}% 170
\BOOKMARK [1][-]{section*.172}{\376\377\0001\000.\000\040\000O\000b\000j\000e\000c\000t\000i\000v\000e}{chapter*.171}% 171
\BOOKMARK [1][-]{section*.173}{\376\377\0002\000.\000\040\000D\000a\000t\000a\000s\000e\000t\000\040\000U\000s\000e\000d}{chapter*.171}% 172
\BOOKMARK [1][-]{section*.174}{\376\377\0003\000.\000\040\000R\000e\000q\000u\000i\000r\000e\000d\000\040\000L\000i\000b\000r\000a\000r\000i\000e\000s}{chapter*.171}% 173
\BOOKMARK [1][-]{section*.175}{\376\377\0004\000.\000\040\000B\000r\000i\000e\000f\000\040\000T\000h\000e\000o\000r\000y}{chapter*.171}% 174
\BOOKMARK [1][-]{section*.176}{\376\377\0005\000.\000\040\000P\000r\000o\000c\000e\000d\000u\000r\000e}{chapter*.171}% 175
\BOOKMARK [1][-]{section*.177}{\376\377\0006\000.\000\040\000R\000e\000f\000e\000r\000e\000n\000c\000e\000\040\000I\000m\000p\000l\000e\000m\000e\000n\000t\000a\000t\000i\000o\000n}{chapter*.171}% 176
\BOOKMARK [1][-]{section*.178}{\376\377\0007\000.\000\040\000R\000e\000s\000u\000l\000t\000s}{chapter*.171}% 177
\BOOKMARK [1][-]{section*.179}{\376\377\0008\000.\000\040\000D\000i\000s\000c\000u\000s\000s\000i\000o\000n\000\040\000a\000n\000d\000\040\000C\000o\000n\000c\000l\000u\000s\000i\000o\000n}{chapter*.171}% 178
\BOOKMARK [1][-]{section*.180}{\376\377\0009\000.\000\040\000A\000n\000s\000w\000e\000r\000s\000\040\000t\000o\000\040\000V\000i\000v\000a\000\040\000Q\000u\000e\000s\000t\000i\000o\000n\000s}{chapter*.171}% 179
\BOOKMARK [1][-]{section*.181}{\376\377\0001\0000\000.\000\040\000C\000o\000m\000p\000l\000e\000t\000e\000\040\000C\000o\000d\000e\000\040\000L\000i\000s\000t\000i\000n\000g}{chapter*.171}% 180
\BOOKMARK [0][-]{chapter*.182}{\376\377\000E\000x\000p\000e\000r\000i\000m\000e\000n\000t\000\040\0001\0009\000:\000\040\000G\000e\000n\000e\000r\000a\000l\000i\000z\000e\000d\000\040\000R\000e\000g\000r\000e\000s\000s\000i\000o\000n\000\040\000N\000e\000u\000r\000a\000l\000\040\000N\000e\000t\000w\000o\000r\000k\000\040\000\050\000G\000R\000N\000N\000\051}{}% 181
\BOOKMARK [1][-]{section*.183}{\376\377\0001\000.\000\040\000O\000b\000j\000e\000c\000t\000i\000v\000e}{chapter*.182}% 182
\BOOKMARK [1][-]{section*.184}{\376\377\0002\000.\000\040\000D\000a\000t\000a\000s\000e\000t\000\040\000U\000s\000e\000d}{chapter*.182}% 183
\BOOKMARK [1][-]{section*.185}{\376\377\0003\000.\000\040\000R\000e\000q\000u\000i\000r\000e\000d\000\040\000L\000i\000b\000r\000a\000r\000i\000e\000s}{chapter*.182}% 184
\BOOKMARK [1][-]{section*.186}{\376\377\0004\000.\000\040\000B\000r\000i\000e\000f\000\040\000T\000h\000e\000o\000r\000y}{chapter*.182}% 185
\BOOKMARK [1][-]{section*.187}{\376\377\0005\000.\000\040\000P\000r\000o\000c\000e\000d\000u\000r\000e}{chapter*.182}% 186
\BOOKMARK [1][-]{section*.188}{\376\377\0006\000.\000\040\000R\000e\000f\000e\000r\000e\000n\000c\000e\000\040\000I\000m\000p\000l\000e\000m\000e\000n\000t\000a\000t\000i\000o\000n}{chapter*.182}% 187
\BOOKMARK [1][-]{section*.189}{\376\377\0007\000.\000\040\000R\000e\000s\000u\000l\000t\000s}{chapter*.182}% 188
\BOOKMARK [1][-]{section*.190}{\376\377\0008\000.\000\040\000D\000i\000s\000c\000u\000s\000s\000i\000o\000n\000\040\000a\000n\000d\000\040\000C\000o\000n\000c\000l\000u\000s\000i\000o\000n}{chapter*.182}% 189
\BOOKMARK [1][-]{section*.191}{\376\377\0009\000.\000\040\000A\000n\000s\000w\000e\000r\000s\000\040\000t\000o\000\040\000V\000i\000v\000a\000\040\000Q\000u\000e\000s\000t\000i\000o\000n\000s}{chapter*.182}% 190
\BOOKMARK [1][-]{section*.192}{\376\377\0001\0000\000.\000\040\000C\000o\000m\000p\000l\000e\000t\000e\000\040\000C\000o\000d\000e\000\040\000L\000i\000s\000t\000i\000n\000g}{chapter*.182}% 191
\BOOKMARK [0][-]{chapter*.193}{\376\377\000I\000n\000t\000e\000g\000r\000a\000t\000e\000d\000\040\000M\000i\000n\000i\000\040\000P\000r\000o\000j\000e\000c\000t\000:\000\040\000C\000o\000m\000p\000a\000r\000a\000t\000i\000v\000e\000\040\000M\000a\000c\000h\000i\000n\000e\000\040\000L\000e\000a\000r\000n\000i\000n\000g\000\040\000S\000t\000u\000d\000y}{}% 192
\BOOKMARK [1][-]{section*.194}{\376\377\000C\000l\000a\000s\000s\000i\000f\000i\000c\000a\000t\000i\000o\000n\000\040\000c\000o\000m\000p\000a\000r\000i\000s\000o\000n\000\040\040\024\000\040\000H\000e\000a\000r\000t\000\040\000D\000i\000s\000e\000a\000s\000e\000\040\000\050\000s\000a\000m\000e\000\040\000s\000t\000r\000a\000t\000i\000f\000i\000e\000d\000\040\0007\0005\000/\0002\0005\000\040\000s\000p\000l\000i\000t\000,\000\040\000s\000e\000e\000d\000\040\0004\0002\000\051}{chapter*.193}% 193
\BOOKMARK [1][-]{section*.195}{\376\377\000R\000e\000g\000r\000e\000s\000s\000i\000o\000n\000\040\000c\000o\000m\000p\000a\000r\000i\000s\000o\000n\000\040\040\024\000\040\000C\000a\000l\000i\000f\000o\000r\000n\000i\000a\000\040\000H\000o\000u\000s\000i\000n\000g\000\040\000\050\0005\000,\0000\0000\0000\000\040\000s\000a\000m\000p\000l\000e\000,\000\040\000s\000a\000m\000e\000\040\0008\0000\000/\0002\0000\000\040\000s\000p\000l\000i\000t\000\051}{chapter*.193}% 194
\BOOKMARK [1][-]{section*.196}{\376\377\000C\000l\000u\000s\000t\000e\000r\000i\000n\000g\000\040\000c\000o\000m\000p\000a\000r\000i\000s\000o\000n\000\040\040\024\000\040\000M\000a\000l\000l\000\040\000C\000u\000s\000t\000o\000m\000e\000r\000s\000\040\000\050\000K\000=\0005\000,\000\040\000s\000t\000a\000n\000d\000a\000r\000d\000i\000z\000e\000d\000\051}{chapter*.193}% 195
\BOOKMARK [1][-]{section*.197}{\376\377\000D\000e\000n\000s\000i\000t\000y\000-\000b\000a\000s\000e\000d\000\040\000c\000o\000m\000p\000a\000r\000i\000s\000o\000n\000\040\040\024\000\040\0007\000,\0006\0003\0008\000\040\000r\000e\000a\000l\000\040\000e\000a\000r\000t\000h\000q\000u\000a\000k\000e\000s\000\040\000\050\000M\000\040\042\145\000\040\0004\000.\0005\000,\000\040\0002\0000\0002\0003\000\051}{chapter*.193}% 196
\BOOKMARK [0][-]{appendix*.198}{\376\377\000A\000p\000p\000e\000n\000d\000i\000x\000\040\000A\000:\000\040\000Q\000u\000i\000c\000k\000\040\000R\000e\000f\000e\000r\000e\000n\000c\000e\000\040\000F\000o\000r\000m\000u\000l\000a\000s}{}% 197
\BOOKMARK [0][-]{appendix*.199}{\376\377\000A\000p\000p\000e\000n\000d\000i\000x\000\040\000B\000:\000\040\000R\000e\000p\000r\000o\000d\000u\000c\000i\000b\000i\000l\000i\000t\000y\000\040\000C\000h\000e\000c\000k\000l\000i\000s\000t}{}% 198
\BOOKMARK [0][-]{appendix*.200}{\376\377\000A\000p\000p\000e\000n\000d\000i\000x\000\040\000C\000:\000\040\000S\000u\000g\000g\000e\000s\000t\000e\000d\000\040\000A\000s\000s\000e\000s\000s\000m\000e\000n\000t\000\040\000R\000u\000b\000r\000i\000c}{}% 199
\BOOKMARK [0][-]{appendix*.201}{\376\377\000A\000p\000p\000e\000n\000d\000i\000x\000\040\000D\000:\000\040\000S\000t\000u\000d\000e\000n\000t\000\040\000E\000x\000p\000e\000r\000i\000m\000e\000n\000t\000\040\000R\000e\000c\000o\000r\000d}{}% 200
